src/lib/scheduler/cron.ts(20,59): error TS2345: Argument of type '{ apiKey: string; }' is not assignable to parameter of type 'UploadPostConfig'.
  Property 'username' is missing in type '{ apiKey: string; }' but required in type 'UploadPostConfig'.
src/lib/scheduler/uploadPostService.test.ts(5,16): error TS2304: Cannot find name 'jest'.
src/lib/scheduler/uploadPostService.test.ts(6,1): error TS2322: Type 'typeof FormData' is not assignable to type '{ new (form?: HTMLFormElement | undefined, submitter?: HTMLElement | null | undefined): FormData; prototype: FormData; }'.
  Types of property 'prototype' are incompatible.
    Type 'FormData' is missing the following properties from type 'FormData': delete, getAll, has, set, and 5 more.
src/lib/scheduler/uploadPostService.test.ts(8,14): error TS2339: Property 'data' does not exist on type 'FormData'.
src/lib/scheduler/uploadPostService.test.ts(10,12): error TS7006: Parameter 'key' implicitly has an 'any' type.
src/lib/scheduler/uploadPostService.test.ts(10,17): error TS7006: Parameter 'value' implicitly has an 'any' type.
src/lib/scheduler/uploadPostService.test.ts(11,14): error TS2339: Property 'data' does not exist on type 'FormData'.
src/lib/scheduler/uploadPostService.test.ts(13,9): error TS7006: Parameter 'key' implicitly has an 'any' type.
src/lib/scheduler/uploadPostService.test.ts(14,21): error TS2339: Property 'data' does not exist on type 'FormData'.
src/lib/scheduler/uploadPostService.test.ts(18,1): error TS2582: Cannot find name 'describe'. Do you need to install type definitions for a test runner? Try `npm i --save-dev @types/jest` or `npm i --save-dev @types/mocha`.
src/lib/scheduler/uploadPostService.test.ts(19,9): error TS7034: Variable 'service' implicitly has type 'any' in some locations where its type cannot be determined.
src/lib/scheduler/uploadPostService.test.ts(22,5): error TS2304: Cannot find name 'beforeEach'.
src/lib/scheduler/uploadPostService.test.ts(24,9): error TS2304: Cannot find name 'jest'.
src/lib/scheduler/uploadPostService.test.ts(27,5): error TS2582: Cannot find name 'it'. Do you need to install type definitions for a test runner? Try `npm i --save-dev @types/jest` or `npm i --save-dev @types/mocha`.
src/lib/scheduler/uploadPostService.test.ts(29,26): error TS2503: Cannot find namespace 'jest'.
src/lib/scheduler/uploadPostService.test.ts(35,9): error TS2304: Cannot find name 'jest'.
src/lib/scheduler/uploadPostService.test.ts(35,20): error TS7005: Variable 'service' implicitly has an 'any' type.
src/lib/scheduler/uploadPostService.test.ts(44,30): error TS7005: Variable 'service' implicitly has an 'any' type.
src/lib/scheduler/uploadPostService.test.ts(46,9): error TS2304: Cannot find name 'expect'.
src/lib/scheduler/uploadPostService.test.ts(47,9): error TS2304: Cannot find name 'expect'.
src/lib/scheduler/uploadPostService.test.ts(48,13): error TS2304: Cannot find name 'expect'.
src/lib/scheduler/uploadPostService.test.ts(49,13): error TS2304: Cannot find name 'expect'.
src/lib/scheduler/uploadPostService.test.ts(51,23): error TS2304: Cannot find name 'expect'.
src/lib/scheduler/uploadPostService.test.ts(56,5): error TS2582: Cannot find name 'it'. Do you need to install type definitions for a test runner? Try `npm i --save-dev @types/jest` or `npm i --save-dev @types/mocha`.
src/lib/scheduler/uploadPostService.test.ts(58,26): error TS2503: Cannot find namespace 'jest'.
src/lib/scheduler/uploadPostService.test.ts(65,26): error TS2503: Cannot find namespace 'jest'.
src/lib/scheduler/uploadPostService.test.ts(70,9): error TS2304: Cannot find name 'jest'.
src/lib/scheduler/uploadPostService.test.ts(70,20): error TS7005: Variable 'service' implicitly has an 'any' type.
src/lib/scheduler/uploadPostService.test.ts(79,30): error TS7005: Variable 'service' implicitly has an 'any' type.
src/lib/scheduler/uploadPostService.test.ts(81,9): error TS2304: Cannot find name 'expect'.
src/lib/scheduler/uploadPostService.test.ts(82,9): error TS2304: Cannot find name 'expect'.
src/lib/scheduler/uploadPostService.test.ts(85,5): error TS2582: Cannot find name 'it'. Do you need to install type definitions for a test runner? Try `npm i --save-dev @types/jest` or `npm i --save-dev @types/mocha`.
src/lib/scheduler/uploadPostService.test.ts(86,9): error TS2304: Cannot find name 'jest'.
src/lib/scheduler/uploadPostService.test.ts(86,20): error TS7005: Variable 'service' implicitly has an 'any' type.
src/lib/scheduler/uploadPostService.test.ts(95,15): error TS2304: Cannot find name 'expect'.
src/lib/scheduler/uploadPostService.test.ts(95,22): error TS7005: Variable 'service' implicitly has an 'any' type.
